[INFO] Detected Snakemake lock directory at .snakemake/locks.
[INFO] Unlocking workflow...
Building DAG of jobs...
Unlocked working directory.
[INFO] Starting Snakemake run...
Assuming unrestricted shared filesystem usage.
host: eu-fn-g2-03
Building DAG of jobs...
Using shell: /usr/bin/bash
Provided cores: 100
Rules claiming more threads will be scaled down.
Job stats:
job                                   count
----------------------------------  -------
all                                       1
simulate_sc_tumor_data_phyloDNAsim       10
total                                    11

Select jobs to execute...
Failed to solve scheduling problem with ILP solver, falling back to greedy scheduler. You likely have to fix your ILP solver installation. Error message: PULP_CBC_CMD: Not Available (check permissions on cbc)
Execute 10 jobs...

[Fri Mar  6 18:55:08 2026]
localrule simulate_sc_tumor_data_phyloDNAsim:
    input: /cluster/work/bewi/members/gbotta/phyloDNAsim/data/genome.fa, /cluster/work/bewi/members/gbotta/phyloDNAsim/data/panel.bed
    output: /cluster/work/bewi/members/gbotta/phyloDNAsim/results/simulation/clone_12
    log: logs/simulation/clone_12/phyloDNAsim.log
    jobid: 6
    reason: Missing output files: /cluster/work/bewi/members/gbotta/phyloDNAsim/results/simulation/clone_12
    wildcards: n_clones=12
    threads: 10
    resources: tmpdir=/scratch/tmp.59356305.gbotta
